--------------------------------------------------------------------------------
Release 14.7 Trace  (lin64)
Copyright (c) 1995-2013 Xilinx, Inc.  All rights reserved.

/opt/Xilinx/14.7/ISE_DS/ISE/bin/lin64/unwrapped/trce -intstyle ise -v 3 -s 4 -n
3 -fastpaths -xml seven_bit_adder.twx seven_bit_adder.ncd -o
seven_bit_adder.twr seven_bit_adder.pcf -ucf seven_bit_adder.ucf

Design file:              seven_bit_adder.ncd
Physical constraint file: seven_bit_adder.pcf
Device,package,speed:     xc3s500e,fg320,-4 (PRODUCTION 1.27 2013-10-13)
Report level:             verbose report

Environment Variable      Effect 
--------------------      ------ 
NONE                      No environment variables were set
--------------------------------------------------------------------------------

INFO:Timing:2698 - No timing constraints found, doing default enumeration.
INFO:Timing:3412 - To improve timing, see the Timing Closure User Guide (UG612).
INFO:Timing:2752 - To get complete path coverage, use the unconstrained paths 
   option. All paths that are not constrained will be reported in the 
   unconstrained paths section(s) of the report.
INFO:Timing:3339 - The clock-to-out numbers in this timing report are based on 
   a 50 Ohm transmission line loading model.  For the details of this model, 
   and for more information on accounting for different loading conditions, 
   please see the device datasheet.
INFO:Timing:3390 - This architecture does not support a default System Jitter 
   value, please add SYSTEM_JITTER constraint to the UCF to modify the Clock 
   Uncertainty calculation.
INFO:Timing:3389 - This architecture does not support 'Discrete Jitter' and 
   'Phase Error' calculations, these terms will be zero in the Clock 
   Uncertainty calculation.  Please make appropriate modification to 
   SYSTEM_JITTER to account for the unsupported Discrete Jitter and Phase 
   Error.



Data Sheet report:
-----------------
All values displayed in nanoseconds (ns)

Setup/Hold to clock PB1
------------+------------+------------+------------------+--------+
            |Max Setup to|Max Hold to |                  | Clock  |
Source      | clk (edge) | clk (edge) |Internal Clock(s) | Phase  |
------------+------------+------------+------------------+--------+
Y<0>        |   -0.024(R)|    1.803(R)|PB1_BUFGP         |   0.000|
Y<1>        |    0.480(R)|    1.400(R)|PB1_BUFGP         |   0.000|
Y<2>        |   -0.283(R)|    2.013(R)|PB1_BUFGP         |   0.000|
Y<3>        |    0.752(R)|    1.184(R)|PB1_BUFGP         |   0.000|
------------+------------+------------+------------------+--------+

Setup/Hold to clock PB2
------------+------------+------------+------------------+--------+
            |Max Setup to|Max Hold to |                  | Clock  |
Source      | clk (edge) | clk (edge) |Internal Clock(s) | Phase  |
------------+------------+------------+------------------+--------+
Y<0>        |   -1.173(R)|    3.562(R)|PB2_BUFGP         |   0.000|
Y<1>        |   -1.088(R)|    3.494(R)|PB2_BUFGP         |   0.000|
Y<2>        |   -1.007(R)|    3.433(R)|PB2_BUFGP         |   0.000|
------------+------------+------------+------------------+--------+

Setup/Hold to clock PB3
------------+------------+------------+------------------+--------+
            |Max Setup to|Max Hold to |                  | Clock  |
Source      | clk (edge) | clk (edge) |Internal Clock(s) | Phase  |
------------+------------+------------+------------------+--------+
Y<0>        |    0.080(R)|    1.915(R)|PB3_BUFGP         |   0.000|
Y<1>        |    0.300(R)|    1.738(R)|PB3_BUFGP         |   0.000|
Y<2>        |   -0.396(R)|    2.294(R)|PB3_BUFGP         |   0.000|
Y<3>        |    0.343(R)|    1.702(R)|PB3_BUFGP         |   0.000|
------------+------------+------------+------------------+--------+

Setup/Hold to clock PB4
------------+------------+------------+------------------+--------+
            |Max Setup to|Max Hold to |                  | Clock  |
Source      | clk (edge) | clk (edge) |Internal Clock(s) | Phase  |
------------+------------+------------+------------------+--------+
Y<0>        |   -0.424(R)|    2.624(R)|PB4_BUFGP         |   0.000|
Y<1>        |   -0.339(R)|    2.556(R)|PB4_BUFGP         |   0.000|
Y<2>        |   -0.006(R)|    2.292(R)|PB4_BUFGP         |   0.000|
------------+------------+------------+------------------+--------+

Clock PB1 to Pad
------------+------------+------------------+--------+
            | clk (edge) |                  | Clock  |
Destination |   to PAD   |Internal Clock(s) | Phase  |
------------+------------+------------------+--------+
carry       |   17.168(R)|PB1_BUFGP         |   0.000|
sum<0>      |   11.608(R)|PB1_BUFGP         |   0.000|
sum<1>      |   11.404(R)|PB1_BUFGP         |   0.000|
sum<2>      |   12.896(R)|PB1_BUFGP         |   0.000|
sum<3>      |   13.853(R)|PB1_BUFGP         |   0.000|
sum<4>      |   15.193(R)|PB1_BUFGP         |   0.000|
sum<5>      |   15.901(R)|PB1_BUFGP         |   0.000|
sum<6>      |   17.234(R)|PB1_BUFGP         |   0.000|
------------+------------+------------------+--------+

Clock PB2 to Pad
------------+------------+------------------+--------+
            | clk (edge) |                  | Clock  |
Destination |   to PAD   |Internal Clock(s) | Phase  |
------------+------------+------------------+--------+
carry       |   17.122(R)|PB2_BUFGP         |   0.000|
sum<4>      |   14.206(R)|PB2_BUFGP         |   0.000|
sum<5>      |   15.840(R)|PB2_BUFGP         |   0.000|
sum<6>      |   17.188(R)|PB2_BUFGP         |   0.000|
------------+------------+------------------+--------+

Clock PB3 to Pad
------------+------------+------------------+--------+
            | clk (edge) |                  | Clock  |
Destination |   to PAD   |Internal Clock(s) | Phase  |
------------+------------+------------------+--------+
carry       |   17.677(R)|PB3_BUFGP         |   0.000|
sum<0>      |   12.183(R)|PB3_BUFGP         |   0.000|
sum<1>      |   11.919(R)|PB3_BUFGP         |   0.000|
sum<2>      |   13.405(R)|PB3_BUFGP         |   0.000|
sum<3>      |   14.362(R)|PB3_BUFGP         |   0.000|
sum<4>      |   15.702(R)|PB3_BUFGP         |   0.000|
sum<5>      |   16.410(R)|PB3_BUFGP         |   0.000|
sum<6>      |   17.743(R)|PB3_BUFGP         |   0.000|
------------+------------+------------------+--------+

Clock PB4 to Pad
------------+------------+------------------+--------+
            | clk (edge) |                  | Clock  |
Destination |   to PAD   |Internal Clock(s) | Phase  |
------------+------------+------------------+--------+
carry       |   15.571(R)|PB4_BUFGP         |   0.000|
sum<4>      |   13.302(R)|PB4_BUFGP         |   0.000|
sum<5>      |   14.296(R)|PB4_BUFGP         |   0.000|
sum<6>      |   15.637(R)|PB4_BUFGP         |   0.000|
------------+------------+------------------+--------+


Analysis completed Wed Jan 31 15:12:28 2018 
--------------------------------------------------------------------------------

Trace Settings:
-------------------------
Trace Settings 

Peak Memory Usage: 352 MB



